// Jest Snapshot v1, https://goo.gl/fbAQLP

exports[`renders correctly 1`] = `
<footer
  id="site-footer"
>
  Bice - 2020
  <div
    id="footer-links-container"
  >
    <a
      className="footer-social-icon-link"
      href="https://www.facebook.com/certifiedbice"
      rel="noopener noreferrer"
      target="_blank"
    >
      <img
        alt="Facebook"
        className="footer-social-icons-image"
        src="facebook.png"
      />
    </a>
    <a
      className="footer-social-icon-link"
      href="https://github.com/certifiedbice"
      rel="noopener noreferrer"
      target="_blank"
    >
      <img
        alt="GitHub"
        className="footer-social-icons-image"
        src="github.png"
      />
    </a>
    <a
      className="footer-social-icon-link"
      href="https://www.instagram.com/certifiedbice"
      rel="noopener noreferrer"
      target="_blank"
    >
      <img
        alt="Instagram"
        className="footer-social-icons-image"
        src="instagram.png"
      />
    </a>
    <a
      className="footer-social-icon-link"
      href="https://www.hackerrank.com/certifiedbice"
      rel="noopener noreferrer"
      target="_blank"
    >
      <img
        alt="HackerRank"
        className="footer-social-icons-image"
        src="hackerrank.png"
      />
    </a>
    <a
      className="footer-social-icon-link"
      href="https://www.linkedin.com/in/certifiedbice"
      rel="noopener noreferrer"
      target="_blank"
    >
      <img
        alt="LinkedIn"
        className="footer-social-icons-image"
        src="linkedin.png"
      />
    </a>
    <a
      className="footer-social-icon-link"
      href="https://twitter.com/certifiedbice"
      rel="noopener noreferrer"
      target="_blank"
    >
      <img
        alt="Twitter"
        className="footer-social-icons-image"
        src="twitter.png"
      />
    </a>
    <a
      className="footer-social-icon-link"
      href="https://www.youtube.com/channel/UCEITFHDFDtvTIKFbUhG_E9w"
      rel="noopener noreferrer"
      target="_blank"
    >
      <img
        alt="YouTube"
        className="footer-social-icons-image"
        src="youtube.png"
      />
    </a>
  </div>
</footer>
`;
