// Jest Snapshot v1, https://goo.gl/fbAQLP

exports[`renders correctly 1`] = `
<div
  id="background-image-container"
>
  <div
    id="background-image"
  />
</div>
`;
